<?xml version="1.0" encoding="UTF-8"?>
<Field>
 <fieldValue>
  <value>23</value>
 </fieldValue>
</Field>
