<?xml version="1.0" encoding="UTF-8"?>
<Field>
 <fieldValue>
  <value>
   <value>23</value>
   <value>true</value>
   <value>Sindelfingen</value>
   <value/>
  </value>
 </fieldValue>
</Field>
