<?xml version="1.0" encoding="UTF-8"?>
<Field>
 <fieldValue>
  <value>
   <value key="0">23</value>
   <value key="married">true</value>
   <value key="1">Sindelfingen</value>
   <value key="cause"/>
  </value>
 </fieldValue>
</Field>
